// Vitest Snapshot v1, https://vitest.dev/guide/snapshot.html

exports[`Bundle Epub > generate toc 1`] = `
PackageDocument {
  "SpecVersion": "3.0",
  "_identifier": "12345",
  "_items": [
    HTML {
      "_properties": undefined,
      "content": "1",
      "file": "page1.xhtml",
      "mediaType": "application/xhtml+xml",
    },
    HTML {
      "_properties": undefined,
      "content": "2",
      "file": "page2.xhtml",
      "mediaType": "application/xhtml+xml",
    },
    HTML {
      "_properties": undefined,
      "content": "3",
      "file": "page3.xhtml",
      "mediaType": "application/xhtml+xml",
    },
    HTML {
      "_properties": undefined,
      "content": "4",
      "file": "page4.xhtml",
      "mediaType": "application/xhtml+xml",
    },
    HTML {
      "_properties": undefined,
      "content": "5",
      "file": "page5.xhtml",
      "mediaType": "application/xhtml+xml",
    },
  ],
  "_metadata": {
    "contributor": [],
    "coverage": "",
    "creator": {
      "fileAs": "XLor",
      "name": "XLor",
      "uid": "creator",
    },
    "date": 2023-02-01T11:00:00.000Z,
    "description": "for test usage",
    "format": "",
    "language": "zh-CN",
    "lastModified": 2023-02-26T11:00:00.000Z,
    "publisher": "",
    "relation": "",
    "rights": "",
    "source": "imagine",
    "subject": "",
    "title": "Test Book",
    "type": "",
  },
  "_spine": [
    ManifestItemRef {
      "_idref": "page1",
      "optional": {},
    },
    ManifestItemRef {
      "_idref": "page2",
      "optional": {},
    },
    ManifestItemRef {
      "_idref": "page3",
      "optional": {},
    },
    ManifestItemRef {
      "_idref": "page4",
      "optional": {},
    },
    ManifestItemRef {
      "_idref": "page5",
      "optional": {},
    },
  ],
  "_toc": Toc {
    "_builder": XHTMLBuilder {
      "_body": [
        {
          "attrs": {
            "epub:type": "toc",
          },
          "children": [
            {
              "attrs": {},
              "children": [
                "Toc",
              ],
              "tag": "h2",
            },
            {
              "attrs": {},
              "children": [
                {
                  "attrs": {},
                  "children": [
                    {
                      "attrs": {
                        "href": "page1.xhtml",
                      },
                      "children": [
                        "1",
                      ],
                      "tag": "a",
                    },
                  ],
                  "tag": "li",
                },
                {
                  "attrs": {},
                  "children": [
                    {
                      "attrs": {
                        "href": "page2.xhtml",
                      },
                      "children": [
                        "2",
                      ],
                      "tag": "a",
                    },
                  ],
                  "tag": "li",
                },
                {
                  "attrs": {},
                  "children": [
                    {
                      "attrs": {},
                      "children": [
                        "Sub",
                      ],
                      "tag": "span",
                    },
                    {
                      "attrs": {},
                      "children": [
                        {
                          "attrs": {},
                          "children": [
                            {
                              "attrs": {
                                "href": "page3.xhtml",
                              },
                              "children": [
                                "3",
                              ],
                              "tag": "a",
                            },
                          ],
                          "tag": "li",
                        },
                        {
                          "attrs": {},
                          "children": [
                            {
                              "attrs": {
                                "href": "page4.xhtml",
                              },
                              "children": [
                                "4",
                              ],
                              "tag": "a",
                            },
                          ],
                          "tag": "li",
                        },
                      ],
                      "tag": "ol",
                    },
                  ],
                  "tag": "li",
                },
                {
                  "attrs": {},
                  "children": [
                    {
                      "attrs": {
                        "href": "page5.xhtml",
                      },
                      "children": [
                        "5",
                      ],
                      "tag": "a",
                    },
                  ],
                  "tag": "li",
                },
              ],
              "tag": "ol",
            },
          ],
          "tag": "nav",
        },
      ],
      "_filename": "nav.xhtml",
      "_head": [],
      "meta": {
        "language": "zh-CN",
        "title": "Toc",
      },
    },
    "_properties": "nav",
    "file": "nav.xhtml",
    "mediaType": "application/xhtml+xml",
  },
  "_uniqueIdentifier": "book-id",
  "file": "OEBPS/content.opf",
}
`;
